// Jest Snapshot v1, https://goo.gl/fbAQLP

exports[`snapshot 1`] = `
<div
  className="App"
>
  <BrowserRouter>
    <withRouter(Navigation) />
    <LoginForm />
    <withRouter(WebSocketEventListener) />
    <Route
      component={[Function]}
      exact={true}
      path="/"
    />
    <Route
      component={[Function]}
      exact={true}
      path="/:game"
    />
  </BrowserRouter>
</div>
`;
